// Jest Snapshot v1, https://goo.gl/fbAQLP

exports[`Renders ok 1`] = `null`;
