// Jest Snapshot v1, https://goo.gl/fbAQLP

exports[`Renders first Rocket 1`] = `undefined`;
